Current user status: REGULAR

ShoppingCart:
    Articles:

    Subtotal:	0
    Shipping:	0
    Total:	0


------------
add article1
------------
Current user status: REGULAR

ShoppingCart:
    Articles:
        Article (quantity: 1, price: 9.95)
    Subtotal:	9.95
    Shipping:	3.5
    Total:	13.45


------------
add article2
------------
Current user status: REGULAR

ShoppingCart:
    Articles:
        Article (quantity: 1, price: 9.95)
        Article (quantity: 3, price: 22.5)
    Subtotal:	32.45
    Shipping:	3.5
    Total:	35.95


